<?xml version="1.0" encoding="UTF-8"?> 
<java version="1.6.0_41" class="java.beans.XMLDecoder"> 
 <object class="java.util.ArrayList"> 
  <void method="add"> 
   <object class="java.util.HashMap"> 
    <void method="put"> 
     <string>isClasspathFile</string> 
     <boolean>true</boolean> 
    </void> 
    <void method="put"> 
     <string>name</string> 
     <string>fr.fastconnect.factory.tibco.bw.maven:artifact1:1.0.0:jar</string> 
    </void> 
    <void method="put"> 
     <string>includeInDeployment</string> 
     <boolean>true</boolean> 
    </void> 
   </object> 
  </void> 
  <void method="add"> 
   <object class="java.util.HashMap"> 
    <void method="put"> 
     <string>isClasspathFile</string> 
     <boolean>true</boolean> 
    </void> 
    <void method="put"> 
     <string>name</string> 
     <string>fr.fastconnect.factory.tibco.bw.maven:artifact3:1.1.0:jar</string> 
    </void> 
    <void method="put"> 
     <string>includeInDeployment</string> 
     <boolean>true</boolean> 
    </void> 
   </object> 
  </void> 
 </object> 
</java> 
