<?xml version="1.0" encoding="UTF-8"?> 
<java version="1.6.0_41" class="java.beans.XMLDecoder"> 
 <object class="java.util.Properties"> 
  <void method="put"> 
   <string>fr.fastconnect.factory.tibco.bw.maven:projlib1:1.0.0:projlib</string> 
   <string>automatically added by Maven</string> 
  </void> 
  <void method="put"> 
   <string>fr.fastconnect.factory.tibco.bw.maven:bw-projlib-example:1.0.0:projlib</string> 
   <string>automatically added by Maven</string> 
  </void> 
  <void method="put"> 
   <string>fr.fastconnect.factory.tibco.bw.maven:projlib3:1.1.0:projlib</string> 
   <string>automatically added by Maven</string> 
  </void> 
 </object> 
</java> 
